WARNING: A restricted method in java.lang.System has been called
WARNING: java.lang.System::load has been called by org.fusesource.jansi.internal.JansiLoader in an unnamed module (file:/C:/java/apache-maven-3.8.6/lib/jansi-2.4.0.jar)
WARNING: Use --enable-native-access=ALL-UNNAMED to avoid a warning for callers in this module
WARNING: Restricted methods will be blocked in a future release unless native access is enabled

WARNING: A terminally deprecated method in sun.misc.Unsafe has been called
WARNING: sun.misc.Unsafe::objectFieldOffset has been called by com.google.common.util.concurrent.AbstractFuture$UnsafeAtomicHelper (file:/C:/java/apache-maven-3.8.6/lib/guava-25.1-android.jar)
WARNING: Please consider reporting this to the maintainers of class com.google.common.util.concurrent.AbstractFuture$UnsafeAtomicHelper
WARNING: sun.misc.Unsafe::objectFieldOffset will be removed in a future release
[INFO] Scanning for projects...
[INFO] ------------------------------------------------------------------------
[INFO] Reactor Build Order:
[INFO] 
[INFO] grafioschtrader                                                    [pom]
[INFO] grafiosch-base                                                     [jar]
[INFO] grafiosch-server-base                                              [jar]
[INFO] grafioschtrader-common                                             [jar]
[INFO] Grafioschtrader                                                    [jar]
[INFO] 
[INFO] ------------------< grafioschtrader:grafioschtrader >-------------------
[INFO] Building grafioschtrader 0.37.0                                    [1/5]
[INFO] --------------------------------[ pom ]---------------------------------
[INFO] 
[INFO] -------------------< grafioschtrader:grafiosch-base >-------------------
[INFO] Building grafiosch-base 0.37.0                                     [2/5]
[INFO] --------------------------------[ jar ]---------------------------------
[INFO] 
[INFO] --- maven-resources-plugin:3.5.0:resources (default-resources) @ grafiosch-base ---
[INFO] Copying 0 resource from src\main\resources to target\classes
[INFO] Copying 4 resources from src\main\resources to target\classes
[INFO] 
[INFO] --- maven-compiler-plugin:3.15.0:compile (default-compile) @ grafiosch-base ---
[INFO] Nothing to compile - all classes are up to date.
[INFO] 
[INFO] --- maven-resources-plugin:3.5.0:testResources (default-testResources) @ grafiosch-base ---
[INFO] skip non existing resourceDirectory C:\SoftwareProjekte\Hugos\grafioschtrader\backend\grafiosch-base\src\test\resources
[INFO] 
[INFO] --- maven-compiler-plugin:3.15.0:testCompile (default-testCompile) @ grafiosch-base ---
[INFO] Nothing to compile - all classes are up to date.
[INFO] 
[INFO] --- maven-surefire-plugin:3.5.6:test (default-test) @ grafiosch-base ---
[INFO] 
[INFO] ---------------< grafioschtrader:grafiosch-server-base >----------------
[INFO] Building grafiosch-server-base 0.37.0                              [3/5]
[INFO] --------------------------------[ jar ]---------------------------------
[INFO] 
[INFO] --- maven-resources-plugin:3.5.0:resources (default-resources) @ grafiosch-server-base ---
[INFO] Copying 0 resource from src\main\resources to target\classes
[INFO] Copying 3 resources from src\main\resources to target\classes
[INFO] 
[INFO] --- maven-compiler-plugin:3.15.0:compile (default-compile) @ grafiosch-server-base ---
[INFO] Nothing to compile - all classes are up to date.
[INFO] 
[INFO] --- maven-resources-plugin:3.5.0:testResources (default-testResources) @ grafiosch-server-base ---
[INFO] skip non existing resourceDirectory C:\SoftwareProjekte\Hugos\grafioschtrader\backend\grafiosch-server-base\src\test\resources
[INFO] 
[INFO] --- maven-compiler-plugin:3.15.0:testCompile (default-testCompile) @ grafiosch-server-base ---
[INFO] Nothing to compile - all classes are up to date.
[INFO] 
[INFO] --- maven-surefire-plugin:3.5.6:test (default-test) @ grafiosch-server-base ---
[INFO] 
[INFO] ---------------< grafioschtrader:grafioschtrader-common >---------------
[INFO] Building grafioschtrader-common 0.37.0                             [4/5]
[INFO] --------------------------------[ jar ]---------------------------------
[INFO] 
[INFO] --- maven-resources-plugin:3.5.0:resources (default-resources) @ grafioschtrader-common ---
[INFO] Copying 0 resource from src\main\resources to target\classes
[INFO] Copying 5 resources from src\main\resources to target\classes
[INFO] 
[INFO] --- maven-compiler-plugin:3.15.0:compile (default-compile) @ grafioschtrader-common ---
[INFO] Nothing to compile - all classes are up to date.
[INFO] 
[INFO] --- maven-resources-plugin:3.5.0:testResources (default-testResources) @ grafioschtrader-common ---
[INFO] skip non existing resourceDirectory C:\SoftwareProjekte\Hugos\grafioschtrader\backend\grafioschtrader-common\src\test\resources
[INFO] 
[INFO] --- maven-compiler-plugin:3.15.0:testCompile (default-testCompile) @ grafioschtrader-common ---
[INFO] Nothing to compile - all classes are up to date.
[INFO] 
[INFO] --- maven-surefire-plugin:3.5.6:test (default-test) @ grafioschtrader-common ---
[INFO] 
[INFO] ---------------< grafioschtrader:grafioschtrader-server >---------------
[INFO] Building Grafioschtrader 0.37.0                                    [5/5]
[INFO] --------------------------------[ jar ]---------------------------------
[INFO] 
[INFO] --- maven-resources-plugin:3.5.0:resources (default-resources) @ grafioschtrader-server ---
[INFO] Copying 7 resources from src\main\resources to target\classes
[INFO] Copying 149 resources from src\main\resources to target\classes
[INFO] 
[INFO] --- maven-compiler-plugin:3.15.0:compile (default-compile) @ grafioschtrader-server ---
[INFO] Nothing to compile - all classes are up to date.
[INFO] 
[INFO] --- maven-resources-plugin:3.5.0:testResources (default-testResources) @ grafioschtrader-server ---
[INFO] Copying 86 resources from src\test\resources to target\test-classes
[INFO] 
[INFO] --- maven-compiler-plugin:3.15.0:testCompile (default-testCompile) @ grafioschtrader-server ---
[INFO] Nothing to compile - all classes are up to date.
[INFO] 
[INFO] --- maven-surefire-plugin:3.5.6:test (default-test) @ grafioschtrader-server ---
[INFO] Using auto detected provider org.apache.maven.surefire.junitplatform.JUnitPlatformProvider
[INFO] 
[INFO] -------------------------------------------------------
[INFO]  T E S T S
[INFO] -------------------------------------------------------
[INFO] Running grafioschtrader.service.AlgoHistoricalValuationServiceTest
Mockito is currently self-attaching to enable the inline-mock-maker. This will no longer work in future releases of the JDK. Please add Mockito as an agent to your build as described in Mockito's documentation: https://javadoc.io/doc/org.mockito/mockito-core/latest/org.mockito/org/mockito/Mockito.html#0.3
OpenJDK 64-Bit Server VM warning: Sharing is only supported for boot loader classes because bootstrap classpath has been appended
WARNING: A Java agent has been loaded dynamically (C:\Users\hugo\.m2\repository\net\bytebuddy\byte-buddy-agent\1.18.11\byte-buddy-agent-1.18.11.jar)
WARNING: If a serviceability tool is in use, please run with -XX:+EnableDynamicAgentLoading to hide this warning
WARNING: If a serviceability tool is not in use, please run with -Djdk.instrument.traceUsage for more information
WARNING: Dynamic loading of agents will be disallowed by default in a future release
[INFO] Tests run: 9, Failures: 0, Errors: 0, Skipped: 0, Time elapsed: 2.520 s -- in grafioschtrader.service.AlgoHistoricalValuationServiceTest
[INFO] 
[INFO] Results:
[INFO] 
[INFO] Tests run: 9, Failures: 0, Errors: 0, Skipped: 0
[INFO] 
[INFO] ------------------------------------------------------------------------
[INFO] Reactor Summary for grafioschtrader 0.37.0:
[INFO] 
[INFO] grafioschtrader .................................... SUCCESS [  0.002 s]
[INFO] grafiosch-base ..................................... SUCCESS [  6.553 s]
[INFO] grafiosch-server-base .............................. SUCCESS [  1.597 s]
[INFO] grafioschtrader-common ............................. SUCCESS [  0.346 s]
[INFO] Grafioschtrader .................................... SUCCESS [  6.411 s]
[INFO] ------------------------------------------------------------------------
[INFO] BUILD SUCCESS
[INFO] ------------------------------------------------------------------------
[INFO] Total time:  15.151 s
[INFO] Finished at: 2026-09-20T09:17:55+02:00
[INFO] ------------------------------------------------------------------------
